[NeMo I 2026-06-27 09:06:04 save_restore_connector:285] Model SortformerEncLabelModel was successfully restored from /workspace/.hf_home/hub/models--nvidia--diar_streaming_sortformer_4spk-v2.1/snapshots/fafaab5faa1617a0ca52d38dd3dc4bd636800d3d/diar_streaming_sortformer_4spk-v2.1.nemo.
[infer] model loaded

[infer] AISHELL-4: all 20 cached, skip
[infer] AMI/IHM: all 16 cached, skip
[infer] AMI/SDM: all 16 cached, skip
[infer] AVA-AVD: all 54 cached, skip
[infer] Alimeeting/Far: all 20 cached, skip
[infer] Alimeeting/Near: all 20 cached, skip
[infer] MSDWild/few: all 490 cached, skip
[infer] MSDWild/many: all 177 cached, skip
[infer] MagicData-RAMC: all 43 cached, skip
[infer] NOTSOFAR: 819 files (84.41h) bs=2 ...
[NeMo I 2026-06-27 09:06:04 vad_utils:81] No postprocessing YAML file has been provided. Default postprocessing configurations will be applied.
[infer] NOTSOFAR: 64/819 written (95s)
[NeMo I 2026-06-27 09:07:38 vad_utils:81] No postprocessing YAML file has been provided. Default postprocessing configurations will be applied.
[infer] NOTSOFAR: 128/819 written (183s)
[NeMo I 2026-06-27 09:09:07 vad_utils:81] No postprocessing YAML file has been provided. Default postprocessing configurations will be applied.
[infer] NOTSOFAR: 192/819 written (273s)
[NeMo I 2026-06-27 09:10:37 vad_utils:81] No postprocessing YAML file has been provided. Default postprocessing configurations will be applied.
[infer] NOTSOFAR: 256/819 written (361s)
[NeMo I 2026-06-27 09:12:05 vad_utils:81] No postprocessing YAML file has been provided. Default postprocessing configurations will be applied.
[infer] NOTSOFAR: 320/819 written (449s)
[NeMo I 2026-06-27 09:13:33 vad_utils:81] No postprocessing YAML file has been provided. Default postprocessing configurations will be applied.
[infer] NOTSOFAR: 384/819 written (545s)
[NeMo I 2026-06-27 09:15:09 vad_utils:81] No postprocessing YAML file has been provided. Default postprocessing configurations will be applied.
[infer] NOTSOFAR: 448/819 written (655s)
[NeMo I 2026-06-27 09:16:59 vad_utils:81] No postprocessing YAML file has been provided. Default postprocessing configurations will be applied.
[infer] NOTSOFAR: 512/819 written (743s)
[NeMo I 2026-06-27 09:18:27 vad_utils:81] No postprocessing YAML file has been provided. Default postprocessing configurations will be applied.
[infer] NOTSOFAR: 576/819 written (832s)
[NeMo I 2026-06-27 09:19:56 vad_utils:81] No postprocessing YAML file has been provided. Default postprocessing configurations will be applied.
[infer] NOTSOFAR: 640/819 written (920s)
[NeMo I 2026-06-27 09:21:24 vad_utils:81] No postprocessing YAML file has been provided. Default postprocessing configurations will be applied.
[infer] NOTSOFAR: 704/819 written (1008s)
[NeMo I 2026-06-27 09:22:52 vad_utils:81] No postprocessing YAML file has been provided. Default postprocessing configurations will be applied.
[infer] NOTSOFAR: 768/819 written (1098s)
[NeMo I 2026-06-27 09:24:22 vad_utils:81] No postprocessing YAML file has been provided. Default postprocessing configurations will be applied.
[infer] NOTSOFAR: 819/819 written (1168s)
[infer] NOTSOFAR: done 819 in 1168.1s (RTF=0.0038)
[infer] VoxConverse: 232 files (43.54h) bs=1 ...
[NeMo I 2026-06-27 09:25:32 vad_utils:81] No postprocessing YAML file has been provided. Default postprocessing configurations will be applied.
[infer] VoxConverse: 64/232 written (153s)
[NeMo I 2026-06-27 09:28:05 vad_utils:81] No postprocessing YAML file has been provided. Default postprocessing configurations will be applied.
[infer] VoxConverse: 128/232 written (344s)
[NeMo I 2026-06-27 09:31:16 vad_utils:81] No postprocessing YAML file has been provided. Default postprocessing configurations will be applied.
[infer] VoxConverse: 192/232 written (542s)
[NeMo I 2026-06-27 09:34:34 vad_utils:81] No postprocessing YAML file has been provided. Default postprocessing configurations will be applied.
[infer] VoxConverse: 232/232 written (671s)
[infer] VoxConverse: done 232 in 671.3s (RTF=0.0043)

[infer] complete, 1051 new files


=== scoring ===
  AISHELL-4        >4 spk   n=  20  DER= 28.12  miss=  7.70  fa=  1.94  conf= 18.48  (collar=0.25)
  AMI              all      n=  32  DER= 21.68  miss=  8.17  fa=  7.17  conf=  6.35  (collar=0.0)
  AVA-AVD          <=4 spk  n=   3  DER= 41.16  miss= 13.69  fa=  5.58  conf= 21.89  (collar=0.25)
  AVA-AVD          >4 spk   n=  51  DER= 49.10  miss= 18.11  fa=  6.53  conf= 24.47  (collar=0.25)
  Alimeeting       all      n=  40  DER= 13.22  miss=  6.40  fa=  4.76  conf=  2.06  (collar=0.0)
  MSDWild          <=4 spk  n= 495  DER= 14.21  miss=  4.89  fa=  4.81  conf=  4.51  (collar=0.25)
  MSDWild          >4 spk   n= 172  DER= 43.85  miss= 13.37  fa=  6.69  conf= 23.79  (collar=0.25)
  MagicData-RAMC   all      n=  43  DER= 18.37  miss=  8.37  fa=  4.81  conf=  5.19  (collar=0.25)
  NOTSOFAR         <=4 spk  n= 422  DER= 14.50  miss=  6.89  fa=  3.46  conf=  4.15  (collar=0.0)
