[32mActivated conda/uv virtual environment at [36m/venv/main[0m
Found 20 multi-channel file(s) to convert.

[1/20] R8002_M8002.wav  (8ch/16000Hz) -> mono ch0 ...
        OK -> 1ch/16000Hz 2067s
[2/20] R8002_M8003.wav  (8ch/16000Hz) -> mono ch0 ...
        OK -> 1ch/16000Hz 2042s
[3/20] R8004_M8005.wav  (8ch/16000Hz) -> mono ch0 ...
        OK -> 1ch/16000Hz 2093s
[4/20] R8004_M8006.wav  (8ch/16000Hz) -> mono ch0 ...
        OK -> 1ch/16000Hz 1965s
[5/20] R8005_M8007.wav  (8ch/16000Hz) -> mono ch0 ...
        OK -> 1ch/16000Hz 1870s
[6/20] R8005_M8008.wav  (8ch/16000Hz) -> mono ch0 ...
        OK -> 1ch/16000Hz 1961s
[7/20] R8005_M8009.wav  (8ch/16000Hz) -> mono ch0 ...
        OK -> 1ch/16000Hz 1777s
[8/20] R8006_M8012.wav  (8ch/16000Hz) -> mono ch0 ...
        OK -> 1ch/16000Hz 1832s
[9/20] R8008_M8014.wav  (8ch/16000Hz) -> mono ch0 ...
        OK -> 1ch/16000Hz 1937s
[10/20] R8008_M8015.wav  (8ch/16000Hz) -> mono ch0 ...
        OK -> 1ch/16000Hz 1896s
[11/20] R8008_M8016.wav  (8ch/16000Hz) -> mono ch0 ...
        OK -> 1ch/16000Hz 1839s
[12/20] R8008_M8017.wav  (8ch/16000Hz) -> mono ch0 ...
        OK -> 1ch/16000Hz 1820s
[13/20] R8009_M8021.wav  (8ch/16000Hz) -> mono ch0 ...
        OK -> 1ch/16000Hz 2008s
[14/20] R8009_M8022.wav  (8ch/16000Hz) -> mono ch0 ...
        OK -> 1ch/16000Hz 2019s
[15/20] R8009_M8023.wav  (8ch/16000Hz) -> mono ch0 ...
        OK -> 1ch/16000Hz 1963s
[16/20] R8009_M8024.wav  (8ch/16000Hz) -> mono ch0 ...
        OK -> 1ch/16000Hz 1854s
[17/20] R8009_M8025.wav  (8ch/16000Hz) -> mono ch0 ...
        OK -> 1ch/16000Hz 2065s
[18/20] R8009_M8026.wav  (8ch/16000Hz) -> mono ch0 ...
        OK -> 1ch/16000Hz 1983s
[19/20] R8009_M8027.wav  (8ch/16000Hz) -> mono ch0 ...
        OK -> 1ch/16000Hz 1881s
[20/20] R8009_M8028.wav  (8ch/16000Hz) -> mono ch0 ...
        OK -> 1ch/16000Hz 1923s

Done. Converted 20/20 file(s).
SCRIPT_EXIT=0
