[32mActivated conda/uv virtual environment at [36m/venv/main[0m
PYTHON: /venv/main/bin/python
Requirement already satisfied: numba>=0.61 in /venv/main/lib/python3.12/site-packages (0.65.1)
Requirement already satisfied: llvmlite>=0.44 in /venv/main/lib/python3.12/site-packages (0.47.0)
Requirement already satisfied: nemo_toolkit[asr] in /venv/main/lib/python3.12/site-packages (2.7.3)
Requirement already satisfied: cuda-bindings in /venv/main/lib/python3.12/site-packages (from nemo_toolkit[asr]) (13.3.1)
Requirement already satisfied: fsspec==2024.12.0 in /venv/main/lib/python3.12/site-packages (from nemo_toolkit[asr]) (2024.12.0)
Requirement already satisfied: huggingface_hub>=0.24 in /venv/main/lib/python3.12/site-packages (from nemo_toolkit[asr]) (0.36.2)
Requirement already satisfied: numexpr<2.14.0 in /venv/main/lib/python3.12/site-packages (from nemo_toolkit[asr]) (2.13.1)
Requirement already satisfied: numpy>=1.22 in /venv/main/lib/python3.12/site-packages (from nemo_toolkit[asr]) (2.4.6)
Requirement already satisfied: onnx>=1.7.0 in /venv/main/lib/python3.12/site-packages (from nemo_toolkit[asr]) (1.22.0)
Requirement already satisfied: protobuf~=5.29.5 in /venv/main/lib/python3.12/site-packages (from nemo_toolkit[asr]) (5.29.6)
Requirement already satisfied: python-dateutil in /venv/main/lib/python3.12/site-packages (from nemo_toolkit[asr]) (2.9.0.post0)
Requirement already satisfied: ruamel.yaml in /venv/main/lib/python3.12/site-packages (from nemo_toolkit[asr]) (0.19.1)
Requirement already satisfied: scikit-learn in /venv/main/lib/python3.12/site-packages (from nemo_toolkit[asr]) (1.9.0)
Requirement already satisfied: setuptools>=70.0.0 in /venv/main/lib/python3.12/site-packages (from nemo_toolkit[asr]) (81.0.0)
Requirement already satisfied: tensorboard in /venv/main/lib/python3.12/site-packages (from nemo_toolkit[asr]) (2.20.0)
Requirement already satisfied: text-unidecode in /venv/main/lib/python3.12/site-packages (from nemo_toolkit[asr]) (1.3)
Requirement already satisfied: torch>=2.6.0 in /venv/main/lib/python3.12/site-packages (from nemo_toolkit[asr]) (2.12.1)
Requirement already satisfied: tqdm>=4.41.0 in /venv/main/lib/python3.12/site-packages (from nemo_toolkit[asr]) (4.68.0)
Requirement already satisfied: wget in /venv/main/lib/python3.12/site-packages (from nemo_toolkit[asr]) (3.2)
Requirement already satisfied: wrapt in /venv/main/lib/python3.12/site-packages (from nemo_toolkit[asr]) (2.2.2)
Requirement already satisfied: braceexpand in /venv/main/lib/python3.12/site-packages (from nemo_toolkit[asr]) (0.1.7)
Requirement already satisfied: editdistance in /venv/main/lib/python3.12/site-packages (from nemo_toolkit[asr]) (0.8.1)
Requirement already satisfied: einops in /venv/main/lib/python3.12/site-packages (from nemo_toolkit[asr]) (0.8.2)
Requirement already satisfied: jiwer<4.0.0,>=3.1.0 in /venv/main/lib/python3.12/site-packages (from nemo_toolkit[asr]) (3.1.0)
Requirement already satisfied: kaldi-python-io in /venv/main/lib/python3.12/site-packages (from nemo_toolkit[asr]) (1.2.2)
Requirement already satisfied: kaldialign<=0.9.1 in /venv/main/lib/python3.12/site-packages (from nemo_toolkit[asr]) (0.9.1)
Requirement already satisfied: lhotse>=1.32.2 in /venv/main/lib/python3.12/site-packages (from nemo_toolkit[asr]) (1.33.0)
Requirement already satisfied: librosa>=0.10.1 in /venv/main/lib/python3.12/site-packages (from nemo_toolkit[asr]) (0.11.0)
Requirement already satisfied: marshmallow in /venv/main/lib/python3.12/site-packages (from nemo_toolkit[asr]) (4.3.0)
Requirement already satisfied: optuna in /venv/main/lib/python3.12/site-packages (from nemo_toolkit[asr]) (4.9.0)
Requirement already satisfied: packaging in /venv/main/lib/python3.12/site-packages (from nemo_toolkit[asr]) (24.2)
Requirement already satisfied: pyannote.core in /venv/main/lib/python3.12/site-packages (from nemo_toolkit[asr]) (6.0.1)
Requirement already satisfied: pyannote.metrics in /venv/main/lib/python3.12/site-packages (from nemo_toolkit[asr]) (4.1)
Requirement already satisfied: pydub in /venv/main/lib/python3.12/site-packages (from nemo_toolkit[asr]) (0.25.1)
Requirement already satisfied: pyloudnorm in /venv/main/lib/python3.12/site-packages (from nemo_toolkit[asr]) (0.2.0)
Requirement already satisfied: resampy in /venv/main/lib/python3.12/site-packages (from nemo_toolkit[asr]) (0.4.3)
Requirement already satisfied: sacrebleu in /venv/main/lib/python3.12/site-packages (from nemo_toolkit[asr]) (2.6.0)
Requirement already satisfied: scipy>=0.14 in /venv/main/lib/python3.12/site-packages (from nemo_toolkit[asr]) (1.18.0)
Requirement already satisfied: soundfile in /venv/main/lib/python3.12/site-packages (from nemo_toolkit[asr]) (0.14.0)
Requirement already satisfied: sox<=1.5.0 in /venv/main/lib/python3.12/site-packages (from nemo_toolkit[asr]) (1.5.0)
Requirement already satisfied: whisper_normalizer in /venv/main/lib/python3.12/site-packages (from nemo_toolkit[asr]) (0.1.12)
Requirement already satisfied: datasets in /venv/main/lib/python3.12/site-packages (from nemo_toolkit[asr]) (5.0.0)
Requirement already satisfied: inflect in /venv/main/lib/python3.12/site-packages (from nemo_toolkit[asr]) (7.5.0)
Requirement already satisfied: mediapy==1.1.6 in /venv/main/lib/python3.12/site-packages (from nemo_toolkit[asr]) (1.1.6)
Requirement already satisfied: pandas in /venv/main/lib/python3.12/site-packages (from nemo_toolkit[asr]) (3.0.3)
Requirement already satisfied: sacremoses>=0.0.43 in /venv/main/lib/python3.12/site-packages (from nemo_toolkit[asr]) (0.1.1)
Requirement already satisfied: sentencepiece<1.0.0 in /venv/main/lib/python3.12/site-packages (from nemo_toolkit[asr]) (0.2.1)
Requirement already satisfied: cloudpickle in /venv/main/lib/python3.12/site-packages (from nemo_toolkit[asr]) (3.1.2)
Requirement already satisfied: fiddle in /venv/main/lib/python3.12/site-packages (from nemo_toolkit[asr]) (0.3.0)
Requirement already satisfied: hydra-core<=1.3.2,>1.3 in /venv/main/lib/python3.12/site-packages (from nemo_toolkit[asr]) (1.3.2)
Requirement already satisfied: lightning<=2.4.0,>2.2.1 in /venv/main/lib/python3.12/site-packages (from nemo_toolkit[asr]) (2.4.0)
Requirement already satisfied: omegaconf<=2.3 in /venv/main/lib/python3.12/site-packages (from nemo_toolkit[asr]) (2.3.0)
Requirement already satisfied: peft in /venv/main/lib/python3.12/site-packages (from nemo_toolkit[asr]) (0.19.1)
Requirement already satisfied: torchmetrics>=0.11.0 in /venv/main/lib/python3.12/site-packages (from nemo_toolkit[asr]) (1.9.0)
Requirement already satisfied: transformers~=4.57.0 in /venv/main/lib/python3.12/site-packages (from nemo_toolkit[asr]) (4.57.6)
Requirement already satisfied: wandb in /venv/main/lib/python3.12/site-packages (from nemo_toolkit[asr]) (0.28.0)
Requirement already satisfied: webdataset>=0.2.86 in /venv/main/lib/python3.12/site-packages (from nemo_toolkit[asr]) (1.0.2)
Requirement already satisfied: nv_one_logger_core>=2.3.1 in /venv/main/lib/python3.12/site-packages (from nemo_toolkit[asr]) (2.3.1)
Requirement already satisfied: nv_one_logger_training_telemetry>=2.3.1 in /venv/main/lib/python3.12/site-packages (from nemo_toolkit[asr]) (2.3.1)
Requirement already satisfied: nv_one_logger_pytorch_lightning_integration>=2.3.1 in /venv/main/lib/python3.12/site-packages (from nemo_toolkit[asr]) (2.3.1)
Requirement already satisfied: ipython in /venv/main/lib/python3.12/site-packages (from mediapy==1.1.6->nemo_toolkit[asr]) (9.14.1)
Requirement already satisfied: matplotlib in /venv/main/lib/python3.12/site-packages (from mediapy==1.1.6->nemo_toolkit[asr]) (3.11.0)
Requirement already satisfied: Pillow in /venv/main/lib/python3.12/site-packages (from mediapy==1.1.6->nemo_toolkit[asr]) (12.2.0)
Requirement already satisfied: antlr4-python3-runtime==4.9.* in /venv/main/lib/python3.12/site-packages (from hydra-core<=1.3.2,>1.3->nemo_toolkit[asr]) (4.9.3)
Requirement already satisfied: click>=8.1.8 in /venv/main/lib/python3.12/site-packages (from jiwer<4.0.0,>=3.1.0->nemo_toolkit[asr]) (8.4.1)
Requirement already satisfied: rapidfuzz>=3.9.7 in /venv/main/lib/python3.12/site-packages (from jiwer<4.0.0,>=3.1.0->nemo_toolkit[asr]) (3.14.5)
Requirement already satisfied: PyYAML<8.0,>=5.4 in /venv/main/lib/python3.12/site-packages (from lightning<=2.4.0,>2.2.1->nemo_toolkit[asr]) (6.0.3)
Requirement already satisfied: lightning-utilities<2.0,>=0.10.0 in /venv/main/lib/python3.12/site-packages (from lightning<=2.4.0,>2.2.1->nemo_toolkit[asr]) (0.15.3)
Requirement already satisfied: typing-extensions<6.0,>=4.4.0 in /venv/main/lib/python3.12/site-packages (from lightning<=2.4.0,>2.2.1->nemo_toolkit[asr]) (4.15.0)
Requirement already satisfied: pytorch-lightning in /venv/main/lib/python3.12/site-packages (from lightning<=2.4.0,>2.2.1->nemo_toolkit[asr]) (2.6.5)
Requirement already satisfied: aiohttp!=4.0.0a0,!=4.0.0a1 in /venv/main/lib/python3.12/site-packages (from fsspec[http]<2026.0,>=2022.5.0->lightning<=2.4.0,>2.2.1->nemo_toolkit[asr]) (3.14.1)
Requirement already satisfied: filelock in /venv/main/lib/python3.12/site-packages (from torch>=2.6.0->nemo_toolkit[asr]) (3.29.1)
Requirement already satisfied: sympy>=1.13.3 in /venv/main/lib/python3.12/site-packages (from torch>=2.6.0->nemo_toolkit[asr]) (1.14.0)
Requirement already satisfied: networkx>=2.5.1 in /venv/main/lib/python3.12/site-packages (from torch>=2.6.0->nemo_toolkit[asr]) (3.6.1)
Requirement already satisfied: jinja2 in /venv/main/lib/python3.12/site-packages (from torch>=2.6.0->nemo_toolkit[asr]) (3.1.6)
Requirement already satisfied: cuda-toolkit==13.0.2 in /venv/main/lib/python3.12/site-packages (from cuda-toolkit[cudart,cufft,cufile,cupti,curand,cusolver,cusparse,nvjitlink,nvrtc,nvtx]==13.0.2; platform_system == "Linux"->torch>=2.6.0->nemo_toolkit[asr]) (13.0.2)
Requirement already satisfied: nvidia-cublas<=13.1.1.3,>=13.1.0.3 in /venv/main/lib/python3.12/site-packages (from torch>=2.6.0->nemo_toolkit[asr]) (13.1.1.3)
Requirement already satisfied: nvidia-cudnn-cu13==9.20.0.48 in /venv/main/lib/python3.12/site-packages (from torch>=2.6.0->nemo_toolkit[asr]) (9.20.0.48)
Requirement already satisfied: nvidia-cusparselt-cu13==0.8.1 in /venv/main/lib/python3.12/site-packages (from torch>=2.6.0->nemo_toolkit[asr]) (0.8.1)
Requirement already satisfied: nvidia-nccl-cu13==2.29.7 in /venv/main/lib/python3.12/site-packages (from torch>=2.6.0->nemo_toolkit[asr]) (2.29.7)
Requirement already satisfied: nvidia-nvshmem-cu13==3.4.5 in /venv/main/lib/python3.12/site-packages (from torch>=2.6.0->nemo_toolkit[asr]) (3.4.5)
Requirement already satisfied: triton==3.7.1 in /venv/main/lib/python3.12/site-packages (from torch>=2.6.0->nemo_toolkit[asr]) (3.7.1)
Requirement already satisfied: nvidia-cuda-runtime==13.0.96.* in /venv/main/lib/python3.12/site-packages (from cuda-toolkit[cudart,cufft,cufile,cupti,curand,cusolver,cusparse,nvjitlink,nvrtc,nvtx]==13.0.2; platform_system == "Linux"->torch>=2.6.0->nemo_toolkit[asr]) (13.0.96)
Requirement already satisfied: nvidia-cufft==12.0.0.61.* in /venv/main/lib/python3.12/site-packages (from cuda-toolkit[cudart,cufft,cufile,cupti,curand,cusolver,cusparse,nvjitlink,nvrtc,nvtx]==13.0.2; platform_system == "Linux"->torch>=2.6.0->nemo_toolkit[asr]) (12.0.0.61)
Requirement already satisfied: nvidia-cufile==1.15.1.6.* in /venv/main/lib/python3.12/site-packages (from cuda-toolkit[cudart,cufft,cufile,cupti,curand,cusolver,cusparse,nvjitlink,nvrtc,nvtx]==13.0.2; platform_system == "Linux"->torch>=2.6.0->nemo_toolkit[asr]) (1.15.1.6)
Requirement already satisfied: nvidia-cuda-cupti==13.0.85.* in /venv/main/lib/python3.12/site-packages (from cuda-toolkit[cudart,cufft,cufile,cupti,curand,cusolver,cusparse,nvjitlink,nvrtc,nvtx]==13.0.2; platform_system == "Linux"->torch>=2.6.0->nemo_toolkit[asr]) (13.0.85)
Requirement already satisfied: nvidia-curand==10.4.0.35.* in /venv/main/lib/python3.12/site-packages (from cuda-toolkit[cudart,cufft,cufile,cupti,curand,cusolver,cusparse,nvjitlink,nvrtc,nvtx]==13.0.2; platform_system == "Linux"->torch>=2.6.0->nemo_toolkit[asr]) (10.4.0.35)
Requirement already satisfied: nvidia-cusolver==12.0.4.66.* in /venv/main/lib/python3.12/site-packages (from cuda-toolkit[cudart,cufft,cufile,cupti,curand,cusolver,cusparse,nvjitlink,nvrtc,nvtx]==13.0.2; platform_system == "Linux"->torch>=2.6.0->nemo_toolkit[asr]) (12.0.4.66)
Requirement already satisfied: nvidia-cusparse==12.6.3.3.* in /venv/main/lib/python3.12/site-packages (from cuda-toolkit[cudart,cufft,cufile,cupti,curand,cusolver,cusparse,nvjitlink,nvrtc,nvtx]==13.0.2; platform_system == "Linux"->torch>=2.6.0->nemo_toolkit[asr]) (12.6.3.3)
Requirement already satisfied: nvidia-nvjitlink==13.0.88.* in /venv/main/lib/python3.12/site-packages (from cuda-toolkit[cudart,cufft,cufile,cupti,curand,cusolver,cusparse,nvjitlink,nvrtc,nvtx]==13.0.2; platform_system == "Linux"->torch>=2.6.0->nemo_toolkit[asr]) (13.0.88)
Requirement already satisfied: nvidia-cuda-nvrtc==13.0.88.* in /venv/main/lib/python3.12/site-packages (from cuda-toolkit[cudart,cufft,cufile,cupti,curand,cusolver,cusparse,nvjitlink,nvrtc,nvtx]==13.0.2; platform_system == "Linux"->torch>=2.6.0->nemo_toolkit[asr]) (13.0.88)
Requirement already satisfied: nvidia-nvtx==13.0.85.* in /venv/main/lib/python3.12/site-packages (from cuda-toolkit[cudart,cufft,cufile,cupti,curand,cusolver,cusparse,nvjitlink,nvrtc,nvtx]==13.0.2; platform_system == "Linux"->torch>=2.6.0->nemo_toolkit[asr]) (13.0.85)
Requirement already satisfied: cuda-pathfinder>=1.4.2 in /venv/main/lib/python3.12/site-packages (from cuda-bindings->nemo_toolkit[asr]) (1.5.5)
Requirement already satisfied: regex!=2019.12.17 in /venv/main/lib/python3.12/site-packages (from transformers~=4.57.0->nemo_toolkit[asr]) (2026.5.9)
Requirement already satisfied: requests in /venv/main/lib/python3.12/site-packages (from transformers~=4.57.0->nemo_toolkit[asr]) (2.34.2)
Requirement already satisfied: tokenizers<=0.23.0,>=0.22.0 in /venv/main/lib/python3.12/site-packages (from transformers~=4.57.0->nemo_toolkit[asr]) (0.22.2)
Requirement already satisfied: safetensors>=0.4.3 in /venv/main/lib/python3.12/site-packages (from transformers~=4.57.0->nemo_toolkit[asr]) (0.8.0)
Requirement already satisfied: hf-xet<2.0.0,>=1.1.3 in /venv/main/lib/python3.12/site-packages (from huggingface_hub>=0.24->nemo_toolkit[asr]) (1.5.0)
Requirement already satisfied: aiohappyeyeballs>=2.5.0 in /venv/main/lib/python3.12/site-packages (from aiohttp!=4.0.0a0,!=4.0.0a1->fsspec[http]<2026.0,>=2022.5.0->lightning<=2.4.0,>2.2.1->nemo_toolkit[asr]) (2.6.2)
Requirement already satisfied: aiosignal>=1.4.0 in /venv/main/lib/python3.12/site-packages (from aiohttp!=4.0.0a0,!=4.0.0a1->fsspec[http]<2026.0,>=2022.5.0->lightning<=2.4.0,>2.2.1->nemo_toolkit[asr]) (1.4.0)
Requirement already satisfied: attrs>=17.3.0 in /venv/main/lib/python3.12/site-packages (from aiohttp!=4.0.0a0,!=4.0.0a1->fsspec[http]<2026.0,>=2022.5.0->lightning<=2.4.0,>2.2.1->nemo_toolkit[asr]) (26.1.0)
Requirement already satisfied: frozenlist>=1.1.1 in /venv/main/lib/python3.12/site-packages (from aiohttp!=4.0.0a0,!=4.0.0a1->fsspec[http]<2026.0,>=2022.5.0->lightning<=2.4.0,>2.2.1->nemo_toolkit[asr]) (1.8.0)
Requirement already satisfied: multidict<7.0,>=4.5 in /venv/main/lib/python3.12/site-packages (from aiohttp!=4.0.0a0,!=4.0.0a1->fsspec[http]<2026.0,>=2022.5.0->lightning<=2.4.0,>2.2.1->nemo_toolkit[asr]) (6.7.1)
Requirement already satisfied: propcache>=0.2.0 in /venv/main/lib/python3.12/site-packages (from aiohttp!=4.0.0a0,!=4.0.0a1->fsspec[http]<2026.0,>=2022.5.0->lightning<=2.4.0,>2.2.1->nemo_toolkit[asr]) (0.5.2)
Requirement already satisfied: yarl<2.0,>=1.17.0 in /venv/main/lib/python3.12/site-packages (from aiohttp!=4.0.0a0,!=4.0.0a1->fsspec[http]<2026.0,>=2022.5.0->lightning<=2.4.0,>2.2.1->nemo_toolkit[asr]) (1.24.2)
Requirement already satisfied: idna>=2.0 in /venv/main/lib/python3.12/site-packages (from yarl<2.0,>=1.17.0->aiohttp!=4.0.0a0,!=4.0.0a1->fsspec[http]<2026.0,>=2022.5.0->lightning<=2.4.0,>2.2.1->nemo_toolkit[asr]) (3.18)
Requirement already satisfied: audioread>=2.1.9 in /venv/main/lib/python3.12/site-packages (from lhotse>=1.32.2->nemo_toolkit[asr]) (3.1.0)
Requirement already satisfied: cytoolz>=0.10.1 in /venv/main/lib/python3.12/site-packages (from lhotse>=1.32.2->nemo_toolkit[asr]) (1.1.0)
Requirement already satisfied: intervaltree>=3.1.0 in /venv/main/lib/python3.12/site-packages (from lhotse>=1.32.2->nemo_toolkit[asr]) (3.2.1)
Requirement already satisfied: tabulate>=0.8.1 in /venv/main/lib/python3.12/site-packages (from lhotse>=1.32.2->nemo_toolkit[asr]) (0.10.0)
Requirement already satisfied: toolz>=0.8.0 in /venv/main/lib/python3.12/site-packages (from cytoolz>=0.10.1->lhotse>=1.32.2->nemo_toolkit[asr]) (1.1.0)
Requirement already satisfied: sortedcontainers in /venv/main/lib/python3.12/site-packages (from intervaltree>=3.1.0->lhotse>=1.32.2->nemo_toolkit[asr]) (2.4.0)
Requirement already satisfied: joblib>=1.0 in /venv/main/lib/python3.12/site-packages (from librosa>=0.10.1->nemo_toolkit[asr]) (1.5.3)
Requirement already satisfied: decorator>=4.3.0 in /venv/main/lib/python3.12/site-packages (from librosa>=0.10.1->nemo_toolkit[asr]) (5.3.1)
Requirement already satisfied: pooch>=1.1 in /venv/main/lib/python3.12/site-packages (from librosa>=0.10.1->nemo_toolkit[asr]) (1.9.0)
Requirement already satisfied: soxr>=0.3.2 in /venv/main/lib/python3.12/site-packages (from librosa>=0.10.1->nemo_toolkit[asr]) (1.1.0)
Requirement already satisfied: lazy_loader>=0.1 in /venv/main/lib/python3.12/site-packages (from librosa>=0.10.1->nemo_toolkit[asr]) (0.5)
Requirement already satisfied: msgpack>=1.0 in /venv/main/lib/python3.12/site-packages (from librosa>=0.10.1->nemo_toolkit[asr]) (1.2.1)
Requirement already satisfied: StrEnum<0.5.0,>=0.4.0 in /venv/main/lib/python3.12/site-packages (from nv_one_logger_core>=2.3.1->nemo_toolkit[asr]) (0.4.15)
Requirement already satisfied: overrides<8.0.0,>=7.7.0 in /venv/main/lib/python3.12/site-packages (from nv_one_logger_core>=2.3.1->nemo_toolkit[asr]) (7.7.0)
Requirement already satisfied: pydantic<3.0.0,>=2.10.6 in /venv/main/lib/python3.12/site-packages (from nv_one_logger_core>=2.3.1->nemo_toolkit[asr]) (2.13.4)
Requirement already satisfied: toml<0.11.0,>=0.10.2 in /venv/main/lib/python3.12/site-packages (from nv_one_logger_core>=2.3.1->nemo_toolkit[asr]) (0.10.2)
Requirement already satisfied: annotated-types>=0.6.0 in /venv/main/lib/python3.12/site-packages (from pydantic<3.0.0,>=2.10.6->nv_one_logger_core>=2.3.1->nemo_toolkit[asr]) (0.7.0)
Requirement already satisfied: pydantic-core==2.46.4 in /venv/main/lib/python3.12/site-packages (from pydantic<3.0.0,>=2.10.6->nv_one_logger_core>=2.3.1->nemo_toolkit[asr]) (2.46.4)
Requirement already satisfied: typing-inspection>=0.4.2 in /venv/main/lib/python3.12/site-packages (from pydantic<3.0.0,>=2.10.6->nv_one_logger_core>=2.3.1->nemo_toolkit[asr]) (0.4.2)
Requirement already satisfied: ml_dtypes>=0.5.4 in /venv/main/lib/python3.12/site-packages (from onnx>=1.7.0->nemo_toolkit[asr]) (0.5.4)
Requirement already satisfied: platformdirs>=2.5.0 in /venv/main/lib/python3.12/site-packages (from pooch>=1.1->librosa>=0.10.1->nemo_toolkit[asr]) (4.10.0)
Requirement already satisfied: charset_normalizer<4,>=2 in /venv/main/lib/python3.12/site-packages (from requests->transformers~=4.57.0->nemo_toolkit[asr]) (3.4.7)
Requirement already satisfied: urllib3<3,>=1.26 in /venv/main/lib/python3.12/site-packages (from requests->transformers~=4.57.0->nemo_toolkit[asr]) (2.7.0)
Requirement already satisfied: certifi>=2023.5.7 in /venv/main/lib/python3.12/site-packages (from requests->transformers~=4.57.0->nemo_toolkit[asr]) (2026.5.20)
Requirement already satisfied: narwhals>=2.0.1 in /venv/main/lib/python3.12/site-packages (from scikit-learn->nemo_toolkit[asr]) (2.22.1)
Requirement already satisfied: threadpoolctl>=3.5.0 in /venv/main/lib/python3.12/site-packages (from scikit-learn->nemo_toolkit[asr]) (3.6.0)
Requirement already satisfied: cffi>=1.0 in /venv/main/lib/python3.12/site-packages (from soundfile->nemo_toolkit[asr]) (2.0.0)
Requirement already satisfied: pycparser in /venv/main/lib/python3.12/site-packages (from cffi>=1.0->soundfile->nemo_toolkit[asr]) (3.0)
Requirement already satisfied: mpmath<1.4,>=1.1.0 in /venv/main/lib/python3.12/site-packages (from sympy>=1.13.3->torch>=2.6.0->nemo_toolkit[asr]) (1.3.0)
Requirement already satisfied: pyarrow>=21.0.0 in /venv/main/lib/python3.12/site-packages (from datasets->nemo_toolkit[asr]) (24.0.0)
Requirement already satisfied: dill<0.4.2,>=0.3.0 in /venv/main/lib/python3.12/site-packages (from datasets->nemo_toolkit[asr]) (0.4.1)
Requirement already satisfied: httpx<1.0.0 in /venv/main/lib/python3.12/site-packages (from datasets->nemo_toolkit[asr]) (0.28.1)
Requirement already satisfied: xxhash in /venv/main/lib/python3.12/site-packages (from datasets->nemo_toolkit[asr]) (3.7.1)
Requirement already satisfied: multiprocess<0.70.20 in /venv/main/lib/python3.12/site-packages (from datasets->nemo_toolkit[asr]) (0.70.19)
Requirement already satisfied: anyio in /venv/main/lib/python3.12/site-packages (from httpx<1.0.0->datasets->nemo_toolkit[asr]) (4.13.0)
Requirement already satisfied: httpcore==1.* in /venv/main/lib/python3.12/site-packages (from httpx<1.0.0->datasets->nemo_toolkit[asr]) (1.0.9)
Requirement already satisfied: h11>=0.16 in /venv/main/lib/python3.12/site-packages (from httpcore==1.*->httpx<1.0.0->datasets->nemo_toolkit[asr]) (0.16.0)
Requirement already satisfied: absl-py in /venv/main/lib/python3.12/site-packages (from fiddle->nemo_toolkit[asr]) (2.4.0)
Requirement already satisfied: graphviz in /venv/main/lib/python3.12/site-packages (from fiddle->nemo_toolkit[asr]) (0.21)
Requirement already satisfied: libcst in /venv/main/lib/python3.12/site-packages (from fiddle->nemo_toolkit[asr]) (1.8.6)
Requirement already satisfied: more_itertools>=8.5.0 in /venv/main/lib/python3.12/site-packages (from inflect->nemo_toolkit[asr]) (11.1.0)
Requirement already satisfied: typeguard>=4.0.1 in /venv/main/lib/python3.12/site-packages (from inflect->nemo_toolkit[asr]) (4.5.2)
Requirement already satisfied: ipython-pygments-lexers>=1.0.0 in /venv/main/lib/python3.12/site-packages (from ipython->mediapy==1.1.6->nemo_toolkit[asr]) (1.1.1)
Requirement already satisfied: jedi>=0.18.2 in /venv/main/lib/python3.12/site-packages (from ipython->mediapy==1.1.6->nemo_toolkit[asr]) (0.20.0)
Requirement already satisfied: matplotlib-inline>=0.1.6 in /venv/main/lib/python3.12/site-packages (from ipython->mediapy==1.1.6->nemo_toolkit[asr]) (0.2.2)
Requirement already satisfied: pexpect>4.6 in /venv/main/lib/python3.12/site-packages (from ipython->mediapy==1.1.6->nemo_toolkit[asr]) (4.9.0)
Requirement already satisfied: prompt_toolkit<3.1.0,>=3.0.41 in /venv/main/lib/python3.12/site-packages (from ipython->mediapy==1.1.6->nemo_toolkit[asr]) (3.0.52)
Requirement already satisfied: psutil>=7 in /venv/main/lib/python3.12/site-packages (from ipython->mediapy==1.1.6->nemo_toolkit[asr]) (7.2.2)
Requirement already satisfied: pygments>=2.14.0 in /venv/main/lib/python3.12/site-packages (from ipython->mediapy==1.1.6->nemo_toolkit[asr]) (2.20.0)
Requirement already satisfied: stack_data>=0.6.0 in /venv/main/lib/python3.12/site-packages (from ipython->mediapy==1.1.6->nemo_toolkit[asr]) (0.6.3)
Requirement already satisfied: traitlets>=5.13.0 in /venv/main/lib/python3.12/site-packages (from ipython->mediapy==1.1.6->nemo_toolkit[asr]) (5.15.1)
Requirement already satisfied: wcwidth in /venv/main/lib/python3.12/site-packages (from prompt_toolkit<3.1.0,>=3.0.41->ipython->mediapy==1.1.6->nemo_toolkit[asr]) (0.7.0)
Requirement already satisfied: parso<0.9.0,>=0.8.6 in /venv/main/lib/python3.12/site-packages (from jedi>=0.18.2->ipython->mediapy==1.1.6->nemo_toolkit[asr]) (0.8.7)
Requirement already satisfied: ptyprocess>=0.5 in /venv/main/lib/python3.12/site-packages (from pexpect>4.6->ipython->mediapy==1.1.6->nemo_toolkit[asr]) (0.7.0)
Requirement already satisfied: executing>=1.2.0 in /venv/main/lib/python3.12/site-packages (from stack_data>=0.6.0->ipython->mediapy==1.1.6->nemo_toolkit[asr]) (2.2.1)
Requirement already satisfied: asttokens>=2.1.0 in /venv/main/lib/python3.12/site-packages (from stack_data>=0.6.0->ipython->mediapy==1.1.6->nemo_toolkit[asr]) (3.0.1)
Requirement already satisfied: pure-eval in /venv/main/lib/python3.12/site-packages (from stack_data>=0.6.0->ipython->mediapy==1.1.6->nemo_toolkit[asr]) (0.2.3)
Requirement already satisfied: MarkupSafe>=2.0 in /venv/main/lib/python3.12/site-packages (from jinja2->torch>=2.6.0->nemo_toolkit[asr]) (3.0.3)
Requirement already satisfied: contourpy>=1.0.1 in /venv/main/lib/python3.12/site-packages (from matplotlib->mediapy==1.1.6->nemo_toolkit[asr]) (1.3.3)
Requirement already satisfied: cycler>=0.10 in /venv/main/lib/python3.12/site-packages (from matplotlib->mediapy==1.1.6->nemo_toolkit[asr]) (0.12.1)
Requirement already satisfied: fonttools>=4.22.0 in /venv/main/lib/python3.12/site-packages (from matplotlib->mediapy==1.1.6->nemo_toolkit[asr]) (4.63.0)
Requirement already satisfied: kiwisolver>=1.3.1 in /venv/main/lib/python3.12/site-packages (from matplotlib->mediapy==1.1.6->nemo_toolkit[asr]) (1.5.0)
Requirement already satisfied: pyparsing>=3 in /venv/main/lib/python3.12/site-packages (from matplotlib->mediapy==1.1.6->nemo_toolkit[asr]) (3.3.2)
Requirement already satisfied: six>=1.5 in /venv/main/lib/python3.12/site-packages (from python-dateutil->nemo_toolkit[asr]) (1.17.0)
Requirement already satisfied: alembic>=1.5.0 in /venv/main/lib/python3.12/site-packages (from optuna->nemo_toolkit[asr]) (1.18.5)
Requirement already satisfied: colorlog in /venv/main/lib/python3.12/site-packages (from optuna->nemo_toolkit[asr]) (6.10.1)
Requirement already satisfied: sqlalchemy>=1.4.2 in /venv/main/lib/python3.12/site-packages (from optuna->nemo_toolkit[asr]) (2.0.51)
Requirement already satisfied: Mako in /venv/main/lib/python3.12/site-packages (from alembic>=1.5.0->optuna->nemo_toolkit[asr]) (1.3.12)
Requirement already satisfied: greenlet>=1 in /venv/main/lib/python3.12/site-packages (from sqlalchemy>=1.4.2->optuna->nemo_toolkit[asr]) (3.5.3)
Requirement already satisfied: accelerate>=0.21.0 in /venv/main/lib/python3.12/site-packages (from peft->nemo_toolkit[asr]) (1.14.0)
Requirement already satisfied: pyannote-database>=6.0.0 in /venv/main/lib/python3.12/site-packages (from pyannote.metrics->nemo_toolkit[asr]) (6.1.1)
Requirement already satisfied: portalocker in /venv/main/lib/python3.12/site-packages (from sacrebleu->nemo_toolkit[asr]) (3.2.0)
Requirement already satisfied: colorama in /venv/main/lib/python3.12/site-packages (from sacrebleu->nemo_toolkit[asr]) (0.4.6)
Requirement already satisfied: lxml in /venv/main/lib/python3.12/site-packages (from sacrebleu->nemo_toolkit[asr]) (6.1.1)
Requirement already satisfied: grpcio>=1.48.2 in /venv/main/lib/python3.12/site-packages (from tensorboard->nemo_toolkit[asr]) (1.81.1)
Requirement already satisfied: markdown>=2.6.8 in /venv/main/lib/python3.12/site-packages (from tensorboard->nemo_toolkit[asr]) (3.10.2)
Requirement already satisfied: tensorboard-data-server<0.8.0,>=0.7.0 in /venv/main/lib/python3.12/site-packages (from tensorboard->nemo_toolkit[asr]) (0.7.2)
Requirement already satisfied: werkzeug>=1.0.1 in /venv/main/lib/python3.12/site-packages (from tensorboard->nemo_toolkit[asr]) (3.1.8)
Requirement already satisfied: gitpython!=3.1.29,>=1.0.0 in /venv/main/lib/python3.12/site-packages (from wandb->nemo_toolkit[asr]) (3.1.50)
Requirement already satisfied: sentry-sdk>=2.0.0 in /venv/main/lib/python3.12/site-packages (from wandb->nemo_toolkit[asr]) (2.63.0)
Requirement already satisfied: gitdb<5,>=4.0.1 in /venv/main/lib/python3.12/site-packages (from gitpython!=3.1.29,>=1.0.0->wandb->nemo_toolkit[asr]) (4.0.12)
Requirement already satisfied: smmap<6,>=3.0.1 in /venv/main/lib/python3.12/site-packages (from gitdb<5,>=4.0.1->gitpython!=3.1.29,>=1.0.0->wandb->nemo_toolkit[asr]) (5.0.3)
Requirement already satisfied: indic-numtowords in /venv/main/lib/python3.12/site-packages (from whisper_normalizer->nemo_toolkit[asr]) (1.1.0)
WARNING: Running pip as the 'root' user can result in broken permissions and conflicting behaviour with the system package manager, possibly rendering your system unusable. It is recommended to use a virtual environment instead: https://pip.pypa.io/warnings/venv. Use the --root-user-action option if you know what you are doing and want to suppress this warning.
EXIT_CODE=0
